# DO NOT EDIT! Generated by protoc-gen-graphql.

type ProtocGenGraphqlTestWrappers_WithEmptyList {
  canbenullable: [String!]
}
