# DO NOT EDIT! Generated by protoc-gen-graphql.

extend type Query {
  serviceName: ProtocGenGraphqlTestGrpc_Service_Query!
}

type ProtocGenGraphqlTestGrpc_Service_Query {
  readMethod(input: ProtocGenGraphqlTestGrpc_RequestInput!): ProtocGenGraphqlTestGrpc_Response!
}

extend type Mutation {
  serviceName: ProtocGenGraphqlTestGrpc_Service_Mutation!
}

type ProtocGenGraphqlTestGrpc_Service_Mutation {
  writeMethod(input: ProtocGenGraphqlTestGrpc_RequestInput!): ProtocGenGraphqlTestGrpc_Response!
}

type ProtocGenGraphqlTestGrpc_Request {
  requestName: String!
}

input ProtocGenGraphqlTestGrpc_RequestInput {
  requestName: String
}

type ProtocGenGraphqlTestGrpc_Response {
  responseName: String!
}
