# DO NOT EDIT! Generated by protoc-gen-graphql.

extend type Query {
  foo: MyPackage_Foo_Query!
}

type MyPackage_Foo_Query {
  getFoo(input: MyRequestInput!): MyResponse! @foo @bar(arg: "baz")
  getFoos(input: MyPackage_BatchRequestInput!): MyPackage_BatchResponse!
}

extend type Mutation {
  foo: MyPackage_Foo_Mutation!
}

type MyPackage_Foo_Mutation {
  setFoo(input: MyRequestInput!): MyResponse!
}

extend type Subscription {
  foo: MyPackage_Foo_Subscription!
}

type MyPackage_Foo_Subscription {
  subscriptionMethod(input: MyRequestInput!): MyResponse!
}

type MyRequest {
  userId: String!
}

input MyRequestInput {
  userId: String
}

type MyResponse {
  userId: String!
  user: MyUser
  userIds: [String!]!
  users: [MyUser!]
}

input MyResponseInput {
  userId: String
  userIds: [String!]
}

type MyPackage_BatchRequest {
  userIds: [String!]!
}

input MyPackage_BatchRequestInput {
  userIds: [String!]
}

type MyPackage_BatchResponse {
  users: [MyUser!]!
}

input MyPackage_BatchResponseInput {
  users: [MyUserInput!]
}

type MyUser {
  title: String!
  ages: [Int!]!
  directives: String! @foo @bar(arg: "baz")
  role: MyRole!
}

input MyUserInput {
  title: String
  ages: [Int!]!
  directives: String @validate(min: 5)
  role: MyRole
}

enum MyRole {
  UNKNOWN
  CUSTOMER
  DIRECTIVES @foo @bar(arg: "baz")
}
