# DO NOT EDIT! Generated by protoc-gen-graphql.

type TestTrimPrefix_Service_Query {
  method(input: TestTrimPrefix_MessageInput!): TestTrimPrefix_Message!
}

type TestTrimPrefix_Message {
  name: String!
  oneofField: TestTrimPrefix_Message_OneofFieldOneof
}

"""
`TestTrimPrefix_Message_OneofFieldOneof` represents the `oneof_field` oneof in `protoc_gen_graphql.test.trim_prefix.Message`.
"""
union TestTrimPrefix_Message_OneofFieldOneof = TestTrimPrefix_Message_OneofFieldOneof_First | TestTrimPrefix_Message_OneofFieldOneof_Second

"""
`TestTrimPrefix_Message_OneofFieldOneof_First` represents the `first` oneof field in `protoc_gen_graphql.test.trim_prefix.Message`.
"""
type TestTrimPrefix_Message_OneofFieldOneof_First {
  _typename: String
  first: String!
}

"""
`TestTrimPrefix_Message_OneofFieldOneof_Second` represents the `second` oneof field in `protoc_gen_graphql.test.trim_prefix.Message`.
"""
type TestTrimPrefix_Message_OneofFieldOneof_Second {
  _typename: String
  second: String!
}

input TestTrimPrefix_MessageInput {
  name: String
  oneofField: TestTrimPrefix_Message_OneofFieldOneofInput
}

input TestTrimPrefix_Message_OneofFieldOneofInput {
  first: String
  second: String
}

enum TestTrimPrefix_Enum {
  ZERO
}
